// Jest Snapshot v1, https://goo.gl/fbAQLP

exports[`renders 1`] = `<a class="test-class" href="/test/link">Test Link</a>`;
